BL51 BANKED LINKER/LOCATER V6.05                                                        05/29/2017  15:06:43  PAGE 1


BL51 BANKED LINKER/LOCATER V6.05, INVOKED BY:
C:\KEIL\C51\BIN\BL51.EXE ..\output\LCD12864.obj, ..\output\main.obj TO ..\output\LCD12864Test PRINT (.\LCD12864Test.m51)
>>  RAMSIZE (256)


MEMORY MODEL: SMALL


INPUT MODULES INCLUDED:
  ..\output\LCD12864.obj (LCD12864)
  ..\output\main.obj (MAIN)
  C:\KEIL\C51\LIB\C51S.LIB (?C_STARTUP)
  C:\KEIL\C51\LIB\C51S.LIB (?C?CLDPTR)
  C:\KEIL\C51\LIB\C51S.LIB (?C?ILDPTR)


LINK MAP OF MODULE:  ..\output\LCD12864Test (LCD12864)


            TYPE    BASE      LENGTH    RELOCATION   SEGMENT NAME
            -----------------------------------------------------

            * * * * * * *   D A T A   M E M O R Y   * * * * * * *
            REG     0000H     0008H     ABSOLUTE     "REG BANK 0"
            DATA    0008H     0008H     UNIT         _DATA_GROUP_
            DATA    0010H     0003H     UNIT         ?DT?_LCDSHOWIMAGE?LCD12864
            IDATA   0013H     0001H     UNIT         ?STACK

            * * * * * * *   C O D E   M E M O R Y   * * * * * * *
            CODE    0000H     0003H     ABSOLUTE     
            CODE    0003H     0496H     UNIT         ?CO?MAIN
            CODE    0499H     0092H     UNIT         ?PR?_LCDDRAWAREA?LCD12864
            CODE    052BH     0086H     UNIT         ?PR?_LCDSHOWIMAGE?LCD12864
            CODE    05B1H     006BH     UNIT         ?PR?MAIN?MAIN
            CODE    061CH     0058H     UNIT         ?PR?LCDINITIMAGE?LCD12864
            CODE    0674H     004DH     UNIT         ?PR?_LCDSHOWCN?LCD12864
            CODE    06C1H     0044H     UNIT         ?C?LIB_CODE
            CODE    0705H     002BH     UNIT         ?PR?_LCDSETCURSOR?LCD12864
            CODE    0730H     0022H     UNIT         ?PR?_LCDSHOWSTR?LCD12864
            CODE    0752H     001EH     UNIT         ?PR?INITLCD12864?LCD12864
            CODE    0770H     0019H     UNIT         ?PR?_LCDWRITECMD?LCD12864
            CODE    0789H     0019H     UNIT         ?PR?LCDCLEARALL?LCD12864
            CODE    07A2H     0016H     UNIT         ?PR?_LCDWRITEDATA?LCD12864
            CODE    07B8H     0012H     UNIT         ?PR?LCDWAITREADY?LCD12864
            CODE    07CAH     000CH     UNIT         ?C_C51STARTUP
            CODE    07D6H     0005H     UNIT         ?PR?LCDSHOWCURSOR?LCD12864
            CODE    07DBH     0005H     UNIT         ?PR?LCDCANCELCURSOR?LCD12864
            CODE    07E0H     0002H     UNIT         ?CO?LCD12864



OVERLAY MAP OF MODULE:   ..\output\LCD12864Test (LCD12864)


SEGMENT                                DATA_GROUP 
  +--> CALLED SEGMENT                START    LENGTH
----------------------------------------------------
?C_C51STARTUP                        -----    -----
BL51 BANKED LINKER/LOCATER V6.05                                                      05/29/2017  15:06:43  PAGE 2


  +--> ?PR?MAIN?MAIN

?PR?MAIN?MAIN                        0008H    0002H
  +--> ?PR?INITLCD12864?LCD12864
  +--> ?PR?LCDINITIMAGE?LCD12864
  +--> ?CO?MAIN
  +--> ?PR?_LCDDRAWAREA?LCD12864
  +--> ?PR?_LCDSHOWSTR?LCD12864
  +--> ?PR?_LCDSHOWCN?LCD12864

?PR?INITLCD12864?LCD12864            -----    -----
  +--> ?PR?_LCDWRITECMD?LCD12864
  +--> ?CO?LCD12864
  +--> ?PR?_LCDSHOWSTR?LCD12864

?PR?_LCDWRITECMD?LCD12864            -----    -----
  +--> ?PR?LCDWAITREADY?LCD12864

?PR?_LCDSHOWSTR?LCD12864             000AH    0006H
  +--> ?PR?_LCDSETCURSOR?LCD12864
  +--> ?PR?_LCDWRITEDATA?LCD12864

?PR?_LCDSETCURSOR?LCD12864           -----    -----
  +--> ?PR?_LCDWRITECMD?LCD12864

?PR?_LCDWRITEDATA?LCD12864           -----    -----
  +--> ?PR?LCDWAITREADY?LCD12864

?PR?LCDINITIMAGE?LCD12864            -----    -----
  +--> ?PR?_LCDWRITECMD?LCD12864
  +--> ?PR?_LCDWRITEDATA?LCD12864

?PR?_LCDDRAWAREA?LCD12864            000AH    0004H
  +--> ?PR?_LCDWRITECMD?LCD12864
  +--> ?PR?_LCDWRITEDATA?LCD12864

?PR?_LCDSHOWCN?LCD12864              000AH    0006H
  +--> ?PR?_LCDSETCURSOR?LCD12864
  +--> ?PR?_LCDWRITEDATA?LCD12864



SYMBOL TABLE OF MODULE:  ..\output\LCD12864Test (LCD12864)

  VALUE           TYPE          NAME
  ----------------------------------

  -------         MODULE        LCD12864
  C:0000H         SYMBOL        _ICE_DUMMY_
  D:0080H         PUBLIC        P0
  D:0090H         PUBLIC        P1
  D:00A0H         PUBLIC        P2
  D:00B0H         PUBLIC        P3
  C:0705H         PUBLIC        _LCDSetCursor
  C:0674H         PUBLIC        _LCDShowCN
  D:00A8H         PUBLIC        IE
  D:00B8H         PUBLIC        IP
BL51 BANKED LINKER/LOCATER V6.05                                                      05/29/2017  15:06:43  PAGE 3


  C:07DBH         PUBLIC        LCDCancelCursor
  C:0730H         PUBLIC        _LCDShowStr
  D:0098H         PUBLIC        SCON
  D:0088H         PUBLIC        TCON
  B:0090H.5       PUBLIC        LCD12864_EN
  C:061CH         PUBLIC        LCDInitImage
  C:0789H         PUBLIC        LCDClearAll
  C:052BH         PUBLIC        _LCDShowImage
  C:07A8H         PUBLIC        _LCDWriteData
  C:0499H         PUBLIC        _LCDDrawArea
  B:0090H.0       PUBLIC        LCD12864_RS
  C:07B8H         PUBLIC        LCDWaitReady
  B:0090H.1       PUBLIC        LCD12864_RW
  D:00C8H         PUBLIC        T2CON
  C:0752H         PUBLIC        InitLCD12864
  C:0779H         PUBLIC        _LCDWriteCmd
  C:07D6H         PUBLIC        LCDShowCursor
  D:00D0H         PUBLIC        PSW
  -------         PROC          LCDWAITREADY
  -------         DO            
  D:0007H         SYMBOL        tmp
  -------         ENDDO         
  C:07B8H         LINE#         6
  C:07B8H         LINE#         7
  C:07B8H         LINE#         8
  C:07B8H         LINE#         10
  C:07BAH         LINE#         11
  C:07BCH         LINE#         12
  C:07BCH         LINE#         13
  C:07BEH         LINE#         14
  C:07C3H         LINE#         15
  C:07C5H         LINE#         16
  C:07C7H         LINE#         17
  C:07C9H         LINE#         18
  -------         ENDPROC       LCDWAITREADY
  -------         PROC          L?0072
  -------         ENDPROC       L?0072
  -------         PROC          _LCDWRITECMD
  D:0006H         SYMBOL        cmd
  C:0779H         LINE#         20
  C:077BH         LINE#         21
  C:077BH         LINE#         22
  C:077EH         LINE#         23
  C:0780H         LINE#         24
  C:0782H         LINE#         25
  C:0784H         LINE#         26
  C:0786H         LINE#         27
  C:0788H         LINE#         28
  -------         ENDPROC       _LCDWRITECMD
  C:07A2H         SYMBOL        L?0071
  -------         PROC          L?0070
  -------         ENDPROC       L?0070
  C:07A2H         SYMBOL        L?0071
  -------         PROC          _LCDWRITEDATA
  D:0006H         SYMBOL        dat
  C:07A8H         LINE#         30
  C:07AAH         LINE#         31
BL51 BANKED LINKER/LOCATER V6.05                                                      05/29/2017  15:06:43  PAGE 4


  C:07AAH         LINE#         32
  C:07ADH         LINE#         33
  C:07AFH         LINE#         34
  C:07B1H         LINE#         35
  C:07B3H         LINE#         36
  C:07B5H         LINE#         37
  C:07B7H         LINE#         38
  -------         ENDPROC       _LCDWRITEDATA
  -------         PROC          INITLCD12864
  C:0752H         LINE#         40
  C:0752H         LINE#         41
  C:0752H         LINE#         42
  C:0757H         LINE#         43
  C:075CH         LINE#         44
  C:0761H         LINE#         45
  -------         ENDPROC       INITLCD12864
  -------         PROC          _LCDSHOWSTR
  D:0007H         SYMBOL        x
  D:0005H         SYMBOL        y
  D:000CH         SYMBOL        str
  D:000FH         SYMBOL        strlen
  C:0730H         LINE#         48
  C:0736H         LINE#         49
  C:0736H         LINE#         50
  C:0739H         LINE#         51
  C:0739H         LINE#         52
  C:0748H         LINE#         53
  C:074AH         LINE#         54
  C:0751H         LINE#         55
  -------         ENDPROC       _LCDSHOWSTR
  -------         PROC          _LCDSHOWCN
  D:000AH         SYMBOL        x
  D:000BH         SYMBOL        y
  D:000CH         SYMBOL        str
  D:000FH         SYMBOL        strlen
  -------         DO            
  D:0003H         SYMBOL        msb
  D:0005H         SYMBOL        lsb
  -------         ENDDO         
  C:0674H         LINE#         57
  C:067EH         LINE#         58
  C:067EH         LINE#         61
  C:0688H         LINE#         62
  C:068FH         LINE#         63
  C:0691H         LINE#         64
  C:0698H         LINE#         65
  C:069BH         LINE#         66
  C:069DH         LINE#         67
  C:069DH         LINE#         68
  C:06AAH         LINE#         69
  C:06AAH         LINE#         70
  C:06AEH         LINE#         71
  C:06B3H         LINE#         72
  C:06BEH         LINE#         73
  C:06C0H         LINE#         74
  -------         ENDPROC       _LCDSHOWCN
  -------         PROC          _LCDSETCURSOR
BL51 BANKED LINKER/LOCATER V6.05                                                      05/29/2017  15:06:43  PAGE 5


  D:0006H         SYMBOL        x
  D:0005H         SYMBOL        y
  -------         DO            
  D:0007H         SYMBOL        pos
  -------         ENDDO         
  C:0705H         LINE#         76
  C:0707H         LINE#         77
  C:0707H         LINE#         78
  C:0709H         LINE#         80
  C:0717H         LINE#         81
  C:0717H         LINE#         82
  C:0717H         LINE#         83
  C:071BH         LINE#         84
  C:071DH         LINE#         85
  C:071DH         LINE#         86
  C:0721H         LINE#         87
  C:0723H         LINE#         88
  C:0723H         LINE#         89
  C:0727H         LINE#         90
  C:0729H         LINE#         91
  C:0729H         LINE#         92
  C:072DH         LINE#         93
  C:072DH         LINE#         94
  C:072DH         LINE#         95
  C:072DH         LINE#         96
  C:072DH         LINE#         97
  -------         ENDPROC       _LCDSETCURSOR
  -------         PROC          LCDSHOWCURSOR
  C:07D6H         LINE#         100
  C:07D6H         LINE#         101
  C:07D6H         LINE#         102
  -------         ENDPROC       LCDSHOWCURSOR
  -------         PROC          LCDCANCELCURSOR
  C:07DBH         LINE#         105
  C:07DBH         LINE#         106
  C:07DBH         LINE#         107
  -------         ENDPROC       LCDCANCELCURSOR
  -------         PROC          LCDCLEARALL
  C:0789H         LINE#         110
  C:0789H         LINE#         111
  C:0789H         LINE#         112
  C:078EH         LINE#         113
  C:0793H         LINE#         114
  -------         ENDPROC       LCDCLEARALL
  -------         PROC          _LCDSHOWIMAGE
  D:0010H         SYMBOL        image
  -------         DO            
  D:0004H         SYMBOL        i
  D:0005H         SYMBOL        j
  -------         ENDDO         
  C:052BH         LINE#         117
  C:0531H         LINE#         118
  C:0531H         LINE#         121
  C:0536H         LINE#         122
  C:053BH         LINE#         123
  C:053DH         LINE#         124
  C:0544H         LINE#         125
BL51 BANKED LINKER/LOCATER V6.05                                                      05/29/2017  15:06:43  PAGE 6


  C:0549H         LINE#         126
  C:054BH         LINE#         127
  C:054BH         LINE#         128
  C:055AH         LINE#         129
  C:0569H         LINE#         130
  C:056DH         LINE#         131
  C:0571H         LINE#         133
  C:0573H         LINE#         134
  C:057AH         LINE#         135
  C:057FH         LINE#         136
  C:0581H         LINE#         137
  C:0581H         LINE#         138
  C:0590H         LINE#         139
  C:059FH         LINE#         140
  C:05A3H         LINE#         141
  C:05A7H         LINE#         142
  C:05ACH         LINE#         143
  -------         ENDPROC       _LCDSHOWIMAGE
  -------         PROC          _LCDDRAWAREA
  D:000AH         SYMBOL        x
  D:0005H         SYMBOL        y
  D:000BH         SYMBOL        image
  -------         DO            
  D:0004H         SYMBOL        i
  -------         ENDDO         
  C:0499H         LINE#         146
  C:04A1H         LINE#         147
  C:04A1H         LINE#         150
  C:04A6H         LINE#         151
  C:04ABH         LINE#         153
  C:04B1H         LINE#         154
  C:04B3H         LINE#         155
  C:04BAH         LINE#         156
  C:04BDH         LINE#         158
  C:04CCH         LINE#         159
  C:04DBH         LINE#         160
  C:04E1H         LINE#         161
  C:04E1H         LINE#         162
  C:04E3H         LINE#         163
  C:04EEH         LINE#         164
  C:04F6H         LINE#         166
  C:0505H         LINE#         167
  C:0514H         LINE#         168
  C:0518H         LINE#         169
  C:0518H         LINE#         171
  C:051EH         LINE#         172
  C:0521H         LINE#         174
  C:0526H         LINE#         175
  -------         ENDPROC       _LCDDRAWAREA
  -------         PROC          LCDINITIMAGE
  -------         DO            
  D:0004H         SYMBOL        i
  D:0005H         SYMBOL        j
  -------         ENDDO         
  C:061CH         LINE#         178
  C:061CH         LINE#         179
  C:061CH         LINE#         182
BL51 BANKED LINKER/LOCATER V6.05                                                      05/29/2017  15:06:43  PAGE 7


  C:0621H         LINE#         183
  C:0626H         LINE#         184
  C:0628H         LINE#         185
  C:062FH         LINE#         186
  C:0634H         LINE#         187
  C:0636H         LINE#         188
  C:0636H         LINE#         189
  C:063BH         LINE#         190
  C:0640H         LINE#         191
  C:0644H         LINE#         192
  C:0648H         LINE#         194
  C:064AH         LINE#         195
  C:0651H         LINE#         196
  C:0656H         LINE#         197
  C:0658H         LINE#         198
  C:0658H         LINE#         199
  C:065DH         LINE#         200
  C:0662H         LINE#         201
  C:0666H         LINE#         202
  C:066AH         LINE#         203
  C:066FH         LINE#         204
  -------         ENDPROC       LCDINITIMAGE
  -------         ENDMOD        LCD12864

  -------         MODULE        MAIN
  C:0000H         SYMBOL        _ICE_DUMMY_
  D:0090H         PUBLIC        P1
  D:00A0H         PUBLIC        P2
  D:00B0H         PUBLIC        P3
  D:00A8H         PUBLIC        IE
  D:00B8H         PUBLIC        IP
  C:0479H         PUBLIC        moonImage
  C:05B1H         PUBLIC        main
  D:0098H         PUBLIC        SCON
  D:0088H         PUBLIC        TCON
  C:0459H         PUBLIC        sunImage
  C:0439H         PUBLIC        ClockImage
  C:0015H         PUBLIC        prompt1
  C:001DH         PUBLIC        prompt2
  C:0029H         PUBLIC        prompt3
  D:00C8H         PUBLIC        T2CON
  C:0039H         PUBLIC        DPImage
  D:00D0H         PUBLIC        PSW
  -------         PROC          MAIN
  -------         DO            
  D:0008H         SYMBOL        i
  -------         ENDDO         
  C:05B1H         LINE#         100
  C:05B1H         LINE#         101
  C:05B1H         LINE#         104
  C:05B7H         LINE#         105
  C:05BAH         LINE#         115
  C:05BDH         LINE#         119
  C:05CAH         LINE#         121
  C:05DAH         LINE#         122
  C:05EAH         LINE#         123
  C:05FAH         LINE#         124
BL51 BANKED LINKER/LOCATER V6.05                                                      05/29/2017  15:06:43  PAGE 8


  C:060AH         LINE#         125
  C:061AH         LINE#         127
  -------         ENDPROC       MAIN
  -------         ENDMOD        MAIN

  -------         MODULE        ?C?CLDPTR
  C:06C1H         PUBLIC        ?C?CLDPTR
  -------         ENDMOD        ?C?CLDPTR

  -------         MODULE        ?C?ILDPTR
  C:06DAH         PUBLIC        ?C?ILDPTR
  -------         ENDMOD        ?C?ILDPTR

*** WARNING L16: UNCALLED SEGMENT, IGNORED FOR OVERLAY PROCESS
    SEGMENT: ?PR?LCDSHOWCURSOR?LCD12864

*** WARNING L16: UNCALLED SEGMENT, IGNORED FOR OVERLAY PROCESS
    SEGMENT: ?PR?LCDCANCELCURSOR?LCD12864

*** WARNING L16: UNCALLED SEGMENT, IGNORED FOR OVERLAY PROCESS
    SEGMENT: ?PR?LCDCLEARALL?LCD12864

*** WARNING L16: UNCALLED SEGMENT, IGNORED FOR OVERLAY PROCESS
    SEGMENT: ?PR?_LCDSHOWIMAGE?LCD12864

Program Size: data=20.0 xdata=0 code=2018
LINK/LOCATE RUN COMPLETE.  4 WARNING(S),  0 ERROR(S)
