C51 COMPILER V8.08   MAIN                                                                  05/29/2017 14:41:21 PAGE 1   


C51 COMPILER V8.08, COMPILATION OF MODULE MAIN
OBJECT MODULE PLACED IN ..\output\main.obj
COMPILER INVOKED BY: C:\Keil\C51\BIN\C51.EXE ..\source\main.c BROWSE DEBUG OBJECTEXTEND PRINT(.\main.lst) OBJECT(..\outp
                    -ut\main.obj)

line level    source

   1          #include "config.h"
   2          #include "lcd12864.h"
   3          
   4          uint16 code prompt1[] ={
   5                  0xBBB6,0xD3AD,0xCAB9,0xD3C3     /*欢迎使用*/
   6          };
   7          
   8          uint16 code prompt2[] ={
   9                  0xD0A1,0xC2F3,0xD1BF,0xB5E7,0xD7D3,0xD6D3       /*小麦芽电子钟*/
  10          };
  11          
  12          uint16 code prompt3[] ={
  13                  0xA3B1,0xA3B2,0xA1C3,0xA3B2,0xA3B0,0xA1C3,0xA3B2,0xA3B0 /*欢迎使用*/
  14          };
  15          
  16          /*--  调入了一幅图像：C:\Users\Dakuis\Desktop\dps.bmp  --*/
  17          /*--  宽度x高度=128x64  --*/
  18          //uint8 code DPImage[1024];              //double pigs
  19          
  20          uint8 code ClockImage[] ={
  21                  0x3C,0x1C,0x7C,0x1E,0xFF,0xFF,0xFF,0xFF,0xFE,0x3F,0xF9,0x8F,0x79,0x8E,0x71,0x86,
  22                  0x71,0xF6,0x71,0xF6,0x78,0x0E,0x38,0x0E,0x3E,0x3C,0x1F,0xFC,0x1F,0xFC,0x1C,0x1C,
  23          };
  24          
  25          uint8 code sunImage[] = {
  26                  0x00,0x00,0x01,0x00,0x41,0x04,0x20,0x08,0x13,0x90,0x07,0xC0,0x0F,0xE0,0xDF,0xF6,
  27                  0x1F,0xF0,0x0F,0xE0,0x07,0xC0,0x13,0x90,0x20,0x08,0x41,0x04,0x01,0x00,0x00,0x00,
  28          };
  29          
  30          uint8 code moonImage[] = {
  31                  0x00,0x00,0x07,0x80,0x03,0xC0,0x01,0xE0,0x01,0xF0,0x00,0xF8,0x00,0xF8,0x00,0xF8,
  32                  0x00,0xF8,0x00,0xF8,0x01,0xF0,0x03,0xF0,0x07,0xE0,0x0F,0xC0,0x1F,0x00,0x00,0x00,
  33          };
  34          
  35          void main()
  36          {
  37   1              uint16 i;
  38   1      
  39   1              i=0xA1A4;
  40   1              InitLCD12864();
  41   1      //      LCDShowImage(DPImage);
  42   1      //      for(i = 0; i < 65530; i++);
  43   1      //      LCDClearAll();
  44   1      //      LCDShowCN(2, 1, prompt1, 4);
  45   1      //      LCDShowCN(1, 2, prompt2, 6);
  46   1      //      LCDShowStr(0,0,"  Please Wait",13);
  47   1      //      LCDShowCursor();
  48   1      //      LCDSetCursor(1,1);
  49   1      //      i = 0xA1C3;
  50   1      //      LCDInitImage();
  51   1              //for(j = 0; j < 10000; j++);
  52   1              //_nop_();
  53   1      //      LCDDrawArea(0,0,ClockImage);
  54   1              LCDDrawArea(5,0,moonImage);
C51 COMPILER V8.08   MAIN                                                                  05/29/2017 14:41:21 PAGE 2   

  55   1      //      LCDDrawArea(7,0,sunImage);
  56   1      /*      LCDShowStr(1,1,"2017  05  09",12);
  57   1              LCDShowCN(3,1,&i,1);
  58   1              LCDShowCN(5,1,&i,1);
  59   1              LCDShowCN(0,3,prompt3,8);
  60   1              LCDShowCN(3,2,"周一",3);
  61   1      //      LCDShowCN(0,3,"身体健康万事如意",8); */
  62   1              while(1);
  63   1      }
  64          


MODULE INFORMATION:   STATIC OVERLAYABLE
   CODE SIZE        =     24    ----
   CONSTANT SIZE    =    132    ----
   XDATA SIZE       =   ----    ----
   PDATA SIZE       =   ----    ----
   DATA SIZE        =   ----       2
   IDATA SIZE       =   ----    ----
   BIT SIZE         =   ----    ----
END OF MODULE INFORMATION.


C51 COMPILATION COMPLETE.  0 WARNING(S),  0 ERROR(S)
